{
  "timestamp": "2026-07-30T15:10:10.199119",
  "level": "INFO",
  "logger": "document_splitter",
  "message": "Chunking complete",
  "module": "logger",
  "function": "log_chunking",
  "line": 90,
  "chunk_size": 500,
  "overlap": 100,
  "num_chunks": 148
}
{
  "timestamp": "2026-07-30T16:00:18.694194",
  "level": "INFO",
  "logger": "document_splitter",
  "message": "Chunking complete",
  "module": "logger",
  "function": "log_chunking",
  "line": 90,
  "chunk_size": 500,
  "overlap": 100,
  "num_chunks": 148
}
{
  "timestamp": "2026-07-30T16:05:13.606960",
  "level": "INFO",
  "logger": "document_splitter",
  "message": "Chunking complete",
  "module": "logger",
  "function": "log_chunking",
  "line": 90,
  "chunk_size": 500,
  "overlap": 100,
  "num_chunks": 148
}
{
  "timestamp": "2026-07-30T16:07:32.121368",
  "level": "INFO",
  "logger": "document_splitter",
  "message": "Chunking complete",
  "module": "logger",
  "function": "log_chunking",
  "line": 90,
  "chunk_size": 500,
  "overlap": 100,
  "num_chunks": 148
}
{
  "timestamp": "2026-07-30T16:12:40.305925",
  "level": "INFO",
  "logger": "document_splitter",
  "message": "Chunking complete",
  "module": "logger",
  "function": "log_chunking",
  "line": 90,
  "chunk_size": 500,
  "overlap": 100,
  "num_chunks": 148
}
{
  "timestamp": "2026-07-30T16:28:14.077896",
  "level": "INFO",
  "logger": "document_splitter",
  "message": "Chunking complete",
  "module": "logger",
  "function": "log_chunking",
  "line": 90,
  "chunk_size": 500,
  "overlap": 100,
  "num_chunks": 148
}
{
  "timestamp": "2026-07-30T16:31:48.605260",
  "level": "INFO",
  "logger": "document_splitter",
  "message": "Chunking complete",
  "module": "logger",
  "function": "log_chunking",
  "line": 90,
  "chunk_size": 500,
  "overlap": 100,
  "num_chunks": 148
}
{
  "timestamp": "2026-07-30T16:34:19.784426",
  "level": "INFO",
  "logger": "document_splitter",
  "message": "Chunking complete",
  "module": "logger",
  "function": "log_chunking",
  "line": 90,
  "chunk_size": 500,
  "overlap": 100,
  "num_chunks": 148
}
{
  "timestamp": "2026-07-30T16:42:58.813729",
  "level": "INFO",
  "logger": "document_splitter",
  "message": "Chunking complete",
  "module": "logger",
  "function": "log_chunking",
  "line": 90,
  "chunk_size": 500,
  "overlap": 100,
  "num_chunks": 148
}
{
  "timestamp": "2026-07-30T16:44:38.759392",
  "level": "INFO",
  "logger": "document_splitter",
  "message": "Chunking complete",
  "module": "logger",
  "function": "log_chunking",
  "line": 90,
  "chunk_size": 500,
  "overlap": 100,
  "num_chunks": 148
}
{
  "timestamp": "2026-07-30T16:48:04.364374",
  "level": "INFO",
  "logger": "document_splitter",
  "message": "Chunking complete",
  "module": "logger",
  "function": "log_chunking",
  "line": 90,
  "chunk_size": 500,
  "overlap": 100,
  "num_chunks": 148
}
{
  "timestamp": "2026-07-30T16:53:18.027651",
  "level": "INFO",
  "logger": "document_splitter",
  "message": "Chunking complete",
  "module": "logger",
  "function": "log_chunking",
  "line": 90,
  "chunk_size": 500,
  "overlap": 100,
  "num_chunks": 148
}
{
  "timestamp": "2026-07-30T16:56:00.296596",
  "level": "INFO",
  "logger": "document_splitter",
  "message": "Chunking complete",
  "module": "logger",
  "function": "log_chunking",
  "line": 90,
  "chunk_size": 500,
  "overlap": 100,
  "num_chunks": 148
}
{
  "timestamp": "2026-07-31T11:15:32.583676",
  "level": "INFO",
  "logger": "document_splitter",
  "message": "Chunking complete",
  "module": "logger",
  "function": "log_chunking",
  "line": 90,
  "chunk_size": 500,
  "overlap": 100,
  "num_chunks": 148
}
{
  "timestamp": "2026-07-31T11:33:31.497215",
  "level": "INFO",
  "logger": "document_splitter",
  "message": "Chunking complete",
  "module": "logger",
  "function": "log_chunking",
  "line": 90,
  "chunk_size": 500,
  "overlap": 100,
  "num_chunks": 148
}
{
  "timestamp": "2026-07-31T12:01:31.136563",
  "level": "INFO",
  "logger": "document_splitter",
  "message": "Chunking complete",
  "module": "logger",
  "function": "log_chunking",
  "line": 90,
  "chunk_size": 500,
  "overlap": 100,
  "num_chunks": 148
}
{
  "timestamp": "2026-07-31T12:29:50.888908",
  "level": "INFO",
  "logger": "document_splitter",
  "message": "Chunking complete",
  "module": "logger",
  "function": "log_chunking",
  "line": 90,
  "chunk_size": 500,
  "overlap": 100,
  "num_chunks": 148
}
{
  "timestamp": "2026-07-31T13:02:08.984450",
  "level": "INFO",
  "logger": "document_splitter",
  "message": "Chunking complete",
  "module": "logger",
  "function": "log_chunking",
  "line": 90,
  "chunk_size": 500,
  "overlap": 100,
  "num_chunks": 148
}
{
  "timestamp": "2026-07-31T13:08:55.432035",
  "level": "INFO",
  "logger": "document_splitter",
  "message": "Chunking complete",
  "module": "logger",
  "function": "log_chunking",
  "line": 90,
  "chunk_size": 500,
  "overlap": 100,
  "num_chunks": 148
}
{
  "timestamp": "2026-07-31T13:18:13.500271",
  "level": "INFO",
  "logger": "document_splitter",
  "message": "Chunking complete",
  "module": "logger",
  "function": "log_chunking",
  "line": 90,
  "chunk_size": 500,
  "overlap": 100,
  "num_chunks": 148
}
{
  "timestamp": "2026-07-31T13:31:36.020271",
  "level": "INFO",
  "logger": "document_splitter",
  "message": "Chunking complete",
  "module": "logger",
  "function": "log_chunking",
  "line": 90,
  "chunk_size": 500,
  "overlap": 100,
  "num_chunks": 148
}
{
  "timestamp": "2026-07-31T13:36:50.966103",
  "level": "INFO",
  "logger": "document_splitter",
  "message": "Chunking complete",
  "module": "logger",
  "function": "log_chunking",
  "line": 90,
  "chunk_size": 500,
  "overlap": 100,
  "num_chunks": 148
}
{
  "timestamp": "2026-07-31T13:41:36.187227",
  "level": "INFO",
  "logger": "document_splitter",
  "message": "Chunking complete",
  "module": "logger",
  "function": "log_chunking",
  "line": 90,
  "chunk_size": 500,
  "overlap": 100,
  "num_chunks": 148
}
