{
  "timestamp": "2026-07-30T15:10:10.200475",
  "level": "INFO",
  "logger": "embedder",
  "message": "Loading embedding model: BAAI/bge-small-en-v1.5",
  "module": "embedder",
  "function": "__init__",
  "line": 20
}
{
  "timestamp": "2026-07-30T15:11:05.787400",
  "level": "INFO",
  "logger": "embedder",
  "message": "Model loaded. Dimensions: 384",
  "module": "embedder",
  "function": "__init__",
  "line": 24
}
{
  "timestamp": "2026-07-30T15:11:11.252714",
  "level": "INFO",
  "logger": "embedder",
  "message": "Embeddings generated",
  "module": "logger",
  "function": "log_embeddings",
  "line": 102,
  "model": "BAAI/bge-small-en-v1.5",
  "dimensions": 384,
  "num_chunks": 148,
  "time_seconds": 5.4653143882751465
}
{
  "timestamp": "2026-07-30T15:11:11.335488",
  "level": "INFO",
  "logger": "embedder",
  "message": "Loading embedding model: BAAI/bge-small-en-v1.5",
  "module": "embedder",
  "function": "__init__",
  "line": 20
}
{
  "timestamp": "2026-07-30T15:11:15.069110",
  "level": "INFO",
  "logger": "embedder",
  "message": "Model loaded. Dimensions: 384",
  "module": "embedder",
  "function": "__init__",
  "line": 24
}
{
  "timestamp": "2026-07-30T15:43:44.387380",
  "level": "INFO",
  "logger": "embedder",
  "message": "Loading embedding model: BAAI/bge-small-en-v1.5",
  "module": "embedder",
  "function": "__init__",
  "line": 20
}
{
  "timestamp": "2026-07-30T15:43:48.016386",
  "level": "INFO",
  "logger": "embedder",
  "message": "Model loaded. Dimensions: 384",
  "module": "embedder",
  "function": "__init__",
  "line": 24
}
{
  "timestamp": "2026-07-30T15:47:17.558932",
  "level": "INFO",
  "logger": "embedder",
  "message": "Loading embedding model: BAAI/bge-small-en-v1.5",
  "module": "embedder",
  "function": "__init__",
  "line": 20
}
{
  "timestamp": "2026-07-30T15:47:21.576523",
  "level": "INFO",
  "logger": "embedder",
  "message": "Model loaded. Dimensions: 384",
  "module": "embedder",
  "function": "__init__",
  "line": 24
}
{
  "timestamp": "2026-07-30T15:49:56.627969",
  "level": "INFO",
  "logger": "embedder",
  "message": "Loading embedding model: BAAI/bge-small-en-v1.5",
  "module": "embedder",
  "function": "__init__",
  "line": 20
}
{
  "timestamp": "2026-07-30T15:50:00.283078",
  "level": "INFO",
  "logger": "embedder",
  "message": "Model loaded. Dimensions: 384",
  "module": "embedder",
  "function": "__init__",
  "line": 24
}
{
  "timestamp": "2026-07-30T15:53:08.618703",
  "level": "INFO",
  "logger": "embedder",
  "message": "Loading embedding model: BAAI/bge-small-en-v1.5",
  "module": "embedder",
  "function": "__init__",
  "line": 20
}
{
  "timestamp": "2026-07-30T15:53:08.618703",
  "level": "INFO",
  "logger": "embedder",
  "message": "Loading embedding model: BAAI/bge-small-en-v1.5",
  "module": "embedder",
  "function": "__init__",
  "line": 20
}
{
  "timestamp": "2026-07-30T15:53:08.618703",
  "level": "INFO",
  "logger": "embedder",
  "message": "Loading embedding model: BAAI/bge-small-en-v1.5",
  "module": "embedder",
  "function": "__init__",
  "line": 20
}
{
  "timestamp": "2026-07-30T15:53:08.618703",
  "level": "INFO",
  "logger": "embedder",
  "message": "Loading embedding model: BAAI/bge-small-en-v1.5",
  "module": "embedder",
  "function": "__init__",
  "line": 20
}
{
  "timestamp": "2026-07-30T15:53:12.666728",
  "level": "INFO",
  "logger": "embedder",
  "message": "Model loaded. Dimensions: 384",
  "module": "embedder",
  "function": "__init__",
  "line": 24
}
{
  "timestamp": "2026-07-30T15:53:12.666728",
  "level": "INFO",
  "logger": "embedder",
  "message": "Model loaded. Dimensions: 384",
  "module": "embedder",
  "function": "__init__",
  "line": 24
}
{
  "timestamp": "2026-07-30T15:53:13.129106",
  "level": "INFO",
  "logger": "embedder",
  "message": "Model loaded. Dimensions: 384",
  "module": "embedder",
  "function": "__init__",
  "line": 24
}
{
  "timestamp": "2026-07-30T15:53:13.129106",
  "level": "INFO",
  "logger": "embedder",
  "message": "Model loaded. Dimensions: 384",
  "module": "embedder",
  "function": "__init__",
  "line": 24
}
{
  "timestamp": "2026-07-30T16:00:18.696196",
  "level": "INFO",
  "logger": "embedder",
  "message": "Loading embedding model: BAAI/bge-small-en-v1.5",
  "module": "embedder",
  "function": "__init__",
  "line": 20
}
{
  "timestamp": "2026-07-30T16:00:21.730533",
  "level": "INFO",
  "logger": "embedder",
  "message": "Model loaded. Dimensions: 384",
  "module": "embedder",
  "function": "__init__",
  "line": 24
}
{
  "timestamp": "2026-07-30T16:00:25.616922",
  "level": "INFO",
  "logger": "embedder",
  "message": "Embeddings generated",
  "module": "logger",
  "function": "log_embeddings",
  "line": 102,
  "model": "BAAI/bge-small-en-v1.5",
  "dimensions": 384,
  "num_chunks": 148,
  "time_seconds": 3.8863894939422607
}
{
  "timestamp": "2026-07-30T16:00:25.681210",
  "level": "INFO",
  "logger": "embedder",
  "message": "Loading embedding model: BAAI/bge-small-en-v1.5",
  "module": "embedder",
  "function": "__init__",
  "line": 20
}
{
  "timestamp": "2026-07-30T16:00:28.915008",
  "level": "INFO",
  "logger": "embedder",
  "message": "Model loaded. Dimensions: 384",
  "module": "embedder",
  "function": "__init__",
  "line": 24
}
{
  "timestamp": "2026-07-30T16:05:13.609339",
  "level": "INFO",
  "logger": "embedder",
  "message": "Loading embedding model: BAAI/bge-small-en-v1.5",
  "module": "embedder",
  "function": "__init__",
  "line": 20
}
{
  "timestamp": "2026-07-30T16:05:17.887415",
  "level": "INFO",
  "logger": "embedder",
  "message": "Model loaded. Dimensions: 384",
  "module": "embedder",
  "function": "__init__",
  "line": 24
}
{
  "timestamp": "2026-07-30T16:05:21.866297",
  "level": "INFO",
  "logger": "embedder",
  "message": "Embeddings generated",
  "module": "logger",
  "function": "log_embeddings",
  "line": 102,
  "model": "BAAI/bge-small-en-v1.5",
  "dimensions": 384,
  "num_chunks": 148,
  "time_seconds": 3.9772887229919434
}
{
  "timestamp": "2026-07-30T16:05:22.732354",
  "level": "INFO",
  "logger": "embedder",
  "message": "Loading embedding model: BAAI/bge-small-en-v1.5",
  "module": "embedder",
  "function": "__init__",
  "line": 20
}
{
  "timestamp": "2026-07-30T16:05:26.231052",
  "level": "INFO",
  "logger": "embedder",
  "message": "Model loaded. Dimensions: 384",
  "module": "embedder",
  "function": "__init__",
  "line": 24
}
{
  "timestamp": "2026-07-30T16:07:32.123484",
  "level": "INFO",
  "logger": "embedder",
  "message": "Loading embedding model: BAAI/bge-small-en-v1.5",
  "module": "embedder",
  "function": "__init__",
  "line": 20
}
{
  "timestamp": "2026-07-30T16:07:35.354836",
  "level": "INFO",
  "logger": "embedder",
  "message": "Model loaded. Dimensions: 384",
  "module": "embedder",
  "function": "__init__",
  "line": 24
}
{
  "timestamp": "2026-07-30T16:07:39.269908",
  "level": "INFO",
  "logger": "embedder",
  "message": "Embeddings generated",
  "module": "logger",
  "function": "log_embeddings",
  "line": 102,
  "model": "BAAI/bge-small-en-v1.5",
  "dimensions": 384,
  "num_chunks": 148,
  "time_seconds": 3.915072202682495
}
{
  "timestamp": "2026-07-30T16:07:40.151767",
  "level": "INFO",
  "logger": "embedder",
  "message": "Loading embedding model: BAAI/bge-small-en-v1.5",
  "module": "embedder",
  "function": "__init__",
  "line": 20
}
{
  "timestamp": "2026-07-30T16:07:43.339449",
  "level": "INFO",
  "logger": "embedder",
  "message": "Model loaded. Dimensions: 384",
  "module": "embedder",
  "function": "__init__",
  "line": 24
}
{
  "timestamp": "2026-07-30T16:12:40.307428",
  "level": "INFO",
  "logger": "embedder",
  "message": "Loading embedding model: BAAI/bge-small-en-v1.5",
  "module": "embedder",
  "function": "__init__",
  "line": 20
}
{
  "timestamp": "2026-07-30T16:12:43.882684",
  "level": "INFO",
  "logger": "embedder",
  "message": "Model loaded. Dimensions: 384",
  "module": "embedder",
  "function": "__init__",
  "line": 24
}
{
  "timestamp": "2026-07-30T16:12:47.897577",
  "level": "INFO",
  "logger": "embedder",
  "message": "Embeddings generated",
  "module": "logger",
  "function": "log_embeddings",
  "line": 102,
  "model": "BAAI/bge-small-en-v1.5",
  "dimensions": 384,
  "num_chunks": 148,
  "time_seconds": 4.014893054962158
}
{
  "timestamp": "2026-07-30T16:12:48.699473",
  "level": "INFO",
  "logger": "embedder",
  "message": "Loading embedding model: BAAI/bge-small-en-v1.5",
  "module": "embedder",
  "function": "__init__",
  "line": 20
}
{
  "timestamp": "2026-07-30T16:12:51.655881",
  "level": "INFO",
  "logger": "embedder",
  "message": "Model loaded. Dimensions: 384",
  "module": "embedder",
  "function": "__init__",
  "line": 24
}
{
  "timestamp": "2026-07-30T16:28:14.080705",
  "level": "INFO",
  "logger": "embedder",
  "message": "Loading embedding model: BAAI/bge-small-en-v1.5",
  "module": "embedder",
  "function": "__init__",
  "line": 20
}
{
  "timestamp": "2026-07-30T16:28:18.280795",
  "level": "INFO",
  "logger": "embedder",
  "message": "Model loaded. Dimensions: 384",
  "module": "embedder",
  "function": "__init__",
  "line": 24
}
{
  "timestamp": "2026-07-30T16:28:25.022618",
  "level": "INFO",
  "logger": "embedder",
  "message": "Embeddings generated",
  "module": "logger",
  "function": "log_embeddings",
  "line": 102,
  "model": "BAAI/bge-small-en-v1.5",
  "dimensions": 384,
  "num_chunks": 148,
  "time_seconds": 6.741187334060669
}
{
  "timestamp": "2026-07-30T16:28:25.112504",
  "level": "INFO",
  "logger": "embedder",
  "message": "Loading embedding model: BAAI/bge-small-en-v1.5",
  "module": "embedder",
  "function": "__init__",
  "line": 20
}
{
  "timestamp": "2026-07-30T16:28:28.264691",
  "level": "INFO",
  "logger": "embedder",
  "message": "Model loaded. Dimensions: 384",
  "module": "embedder",
  "function": "__init__",
  "line": 24
}
{
  "timestamp": "2026-07-30T16:28:28.284728",
  "level": "INFO",
  "logger": "embedder",
  "message": "Loading embedding model: BAAI/bge-small-en-v1.5",
  "module": "embedder",
  "function": "__init__",
  "line": 20
}
{
  "timestamp": "2026-07-30T16:28:31.882377",
  "level": "INFO",
  "logger": "embedder",
  "message": "Model loaded. Dimensions: 384",
  "module": "embedder",
  "function": "__init__",
  "line": 24
}
{
  "timestamp": "2026-07-30T16:31:48.608828",
  "level": "INFO",
  "logger": "embedder",
  "message": "Loading embedding model: BAAI/bge-small-en-v1.5",
  "module": "embedder",
  "function": "__init__",
  "line": 20
}
{
  "timestamp": "2026-07-30T16:31:53.354577",
  "level": "INFO",
  "logger": "embedder",
  "message": "Model loaded. Dimensions: 384",
  "module": "embedder",
  "function": "__init__",
  "line": 24
}
{
  "timestamp": "2026-07-30T16:31:59.911008",
  "level": "INFO",
  "logger": "embedder",
  "message": "Embeddings generated",
  "module": "logger",
  "function": "log_embeddings",
  "line": 102,
  "model": "BAAI/bge-small-en-v1.5",
  "dimensions": 384,
  "num_chunks": 148,
  "time_seconds": 6.55643105506897
}
{
  "timestamp": "2026-07-30T16:32:00.015742",
  "level": "INFO",
  "logger": "embedder",
  "message": "Loading embedding model: BAAI/bge-small-en-v1.5",
  "module": "embedder",
  "function": "__init__",
  "line": 20
}
{
  "timestamp": "2026-07-30T16:32:03.561985",
  "level": "INFO",
  "logger": "embedder",
  "message": "Model loaded. Dimensions: 384",
  "module": "embedder",
  "function": "__init__",
  "line": 24
}
{
  "timestamp": "2026-07-30T16:32:03.580527",
  "level": "INFO",
  "logger": "embedder",
  "message": "Loading embedding model: BAAI/bge-small-en-v1.5",
  "module": "embedder",
  "function": "__init__",
  "line": 20
}
{
  "timestamp": "2026-07-30T16:32:07.474231",
  "level": "INFO",
  "logger": "embedder",
  "message": "Model loaded. Dimensions: 384",
  "module": "embedder",
  "function": "__init__",
  "line": 24
}
{
  "timestamp": "2026-07-30T16:33:56.574017",
  "level": "INFO",
  "logger": "embedder",
  "message": "Loading embedding model: BAAI/bge-small-en-v1.5",
  "module": "embedder",
  "function": "__init__",
  "line": 20
}
{
  "timestamp": "2026-07-30T16:34:00.991418",
  "level": "INFO",
  "logger": "embedder",
  "message": "Model loaded. Dimensions: 384",
  "module": "embedder",
  "function": "__init__",
  "line": 24
}
{
  "timestamp": "2026-07-30T16:34:27.531982",
  "level": "INFO",
  "logger": "embedder",
  "message": "Embeddings generated",
  "module": "logger",
  "function": "log_embeddings",
  "line": 102,
  "model": "BAAI/bge-small-en-v1.5",
  "dimensions": 384,
  "num_chunks": 148,
  "time_seconds": 7.743055105209351
}
{
  "timestamp": "2026-07-30T16:42:48.869023",
  "level": "INFO",
  "logger": "embedder",
  "message": "Loading embedding model: BAAI/bge-small-en-v1.5",
  "module": "embedder",
  "function": "__init__",
  "line": 20
}
{
  "timestamp": "2026-07-30T16:42:53.201100",
  "level": "INFO",
  "logger": "embedder",
  "message": "Model loaded. Dimensions: 384",
  "module": "embedder",
  "function": "__init__",
  "line": 24
}
{
  "timestamp": "2026-07-30T16:43:07.595384",
  "level": "INFO",
  "logger": "embedder",
  "message": "Embeddings generated",
  "module": "logger",
  "function": "log_embeddings",
  "line": 102,
  "model": "BAAI/bge-small-en-v1.5",
  "dimensions": 384,
  "num_chunks": 148,
  "time_seconds": 8.780773639678955
}
{
  "timestamp": "2026-07-30T16:44:22.937213",
  "level": "INFO",
  "logger": "embedder",
  "message": "Loading embedding model: BAAI/bge-small-en-v1.5",
  "module": "embedder",
  "function": "__init__",
  "line": 20
}
{
  "timestamp": "2026-07-30T16:44:26.873391",
  "level": "INFO",
  "logger": "embedder",
  "message": "Model loaded. Dimensions: 384",
  "module": "embedder",
  "function": "__init__",
  "line": 24
}
{
  "timestamp": "2026-07-30T16:44:47.990172",
  "level": "INFO",
  "logger": "embedder",
  "message": "Embeddings generated",
  "module": "logger",
  "function": "log_embeddings",
  "line": 102,
  "model": "BAAI/bge-small-en-v1.5",
  "dimensions": 384,
  "num_chunks": 148,
  "time_seconds": 9.230780124664307
}
{
  "timestamp": "2026-07-30T16:46:17.114611",
  "level": "INFO",
  "logger": "embedder",
  "message": "Loading embedding model: BAAI/bge-small-en-v1.5",
  "module": "embedder",
  "function": "__init__",
  "line": 20
}
{
  "timestamp": "2026-07-30T16:46:21.005455",
  "level": "INFO",
  "logger": "embedder",
  "message": "Model loaded. Dimensions: 384",
  "module": "embedder",
  "function": "__init__",
  "line": 24
}
{
  "timestamp": "2026-07-30T16:48:26.749398",
  "level": "INFO",
  "logger": "embedder",
  "message": "Embeddings generated",
  "module": "logger",
  "function": "log_embeddings",
  "line": 102,
  "model": "BAAI/bge-small-en-v1.5",
  "dimensions": 384,
  "num_chunks": 148,
  "time_seconds": 22.38400363922119
}
{
  "timestamp": "2026-07-30T16:52:47.891225",
  "level": "INFO",
  "logger": "embedder",
  "message": "Loading embedding model: BAAI/bge-small-en-v1.5",
  "module": "embedder",
  "function": "__init__",
  "line": 20
}
{
  "timestamp": "2026-07-30T16:52:51.937610",
  "level": "INFO",
  "logger": "embedder",
  "message": "Model loaded. Dimensions: 384",
  "module": "embedder",
  "function": "__init__",
  "line": 24
}
{
  "timestamp": "2026-07-30T16:53:25.802513",
  "level": "INFO",
  "logger": "embedder",
  "message": "Embeddings generated",
  "module": "logger",
  "function": "log_embeddings",
  "line": 102,
  "model": "BAAI/bge-small-en-v1.5",
  "dimensions": 384,
  "num_chunks": 148,
  "time_seconds": 7.77005672454834
}
{
  "timestamp": "2026-07-30T16:55:37.968473",
  "level": "INFO",
  "logger": "embedder",
  "message": "Loading embedding model: BAAI/bge-small-en-v1.5",
  "module": "embedder",
  "function": "__init__",
  "line": 20
}
{
  "timestamp": "2026-07-30T16:55:42.282443",
  "level": "INFO",
  "logger": "embedder",
  "message": "Model loaded. Dimensions: 384",
  "module": "embedder",
  "function": "__init__",
  "line": 24
}
{
  "timestamp": "2026-07-30T16:56:28.977803",
  "level": "INFO",
  "logger": "embedder",
  "message": "Embeddings generated",
  "module": "logger",
  "function": "log_embeddings",
  "line": 102,
  "model": "BAAI/bge-small-en-v1.5",
  "dimensions": 384,
  "num_chunks": 148,
  "time_seconds": 28.68040704727173
}
{
  "timestamp": "2026-07-31T11:15:23.462318",
  "level": "INFO",
  "logger": "embedder",
  "message": "Loading embedding model: BAAI/bge-small-en-v1.5",
  "module": "embedder",
  "function": "__init__",
  "line": 20
}
{
  "timestamp": "2026-07-31T11:15:27.291693",
  "level": "INFO",
  "logger": "embedder",
  "message": "Model loaded. Dimensions: 384",
  "module": "embedder",
  "function": "__init__",
  "line": 24
}
{
  "timestamp": "2026-07-31T11:15:39.226693",
  "level": "INFO",
  "logger": "embedder",
  "message": "Embeddings generated",
  "module": "logger",
  "function": "log_embeddings",
  "line": 102,
  "model": "BAAI/bge-small-en-v1.5",
  "dimensions": 384,
  "num_chunks": 148,
  "time_seconds": 6.642507791519165
}
{
  "timestamp": "2026-07-31T11:33:18.907797",
  "level": "INFO",
  "logger": "embedder",
  "message": "Loading embedding model: BAAI/bge-small-en-v1.5",
  "module": "embedder",
  "function": "__init__",
  "line": 20
}
{
  "timestamp": "2026-07-31T11:33:23.410780",
  "level": "INFO",
  "logger": "embedder",
  "message": "Model loaded. Dimensions: 384",
  "module": "embedder",
  "function": "__init__",
  "line": 24
}
{
  "timestamp": "2026-07-31T11:33:37.130029",
  "level": "INFO",
  "logger": "embedder",
  "message": "Embeddings generated",
  "module": "logger",
  "function": "log_embeddings",
  "line": 102,
  "model": "BAAI/bge-small-en-v1.5",
  "dimensions": 384,
  "num_chunks": 148,
  "time_seconds": 5.632813930511475
}
{
  "timestamp": "2026-07-31T11:39:26.896466",
  "level": "INFO",
  "logger": "embedder",
  "message": "Loading embedding model: BAAI/bge-small-en-v1.5",
  "module": "embedder",
  "function": "__init__",
  "line": 20
}
{
  "timestamp": "2026-07-31T11:39:26.916367",
  "level": "INFO",
  "logger": "embedder",
  "message": "Loading embedding model: BAAI/bge-small-en-v1.5",
  "module": "embedder",
  "function": "__init__",
  "line": 20
}
{
  "timestamp": "2026-07-31T11:39:31.086870",
  "level": "INFO",
  "logger": "embedder",
  "message": "Model loaded. Dimensions: 384",
  "module": "embedder",
  "function": "__init__",
  "line": 24
}
{
  "timestamp": "2026-07-31T11:44:31.557673",
  "level": "INFO",
  "logger": "embedder",
  "message": "Loading embedding model: BAAI/bge-small-en-v1.5",
  "module": "embedder",
  "function": "__init__",
  "line": 20
}
{
  "timestamp": "2026-07-31T11:44:31.566777",
  "level": "INFO",
  "logger": "embedder",
  "message": "Loading embedding model: BAAI/bge-small-en-v1.5",
  "module": "embedder",
  "function": "__init__",
  "line": 20
}
{
  "timestamp": "2026-07-31T11:44:35.764787",
  "level": "INFO",
  "logger": "embedder",
  "message": "Model loaded. Dimensions: 384",
  "module": "embedder",
  "function": "__init__",
  "line": 24
}
{
  "timestamp": "2026-07-31T11:56:12.154464",
  "level": "INFO",
  "logger": "embedder",
  "message": "Loading embedding model: BAAI/bge-small-en-v1.5",
  "module": "embedder",
  "function": "__init__",
  "line": 20
}
{
  "timestamp": "2026-07-31T11:56:12.165213",
  "level": "INFO",
  "logger": "embedder",
  "message": "Loading embedding model: BAAI/bge-small-en-v1.5",
  "module": "embedder",
  "function": "__init__",
  "line": 20
}
{
  "timestamp": "2026-07-31T11:56:16.131051",
  "level": "INFO",
  "logger": "embedder",
  "message": "Model loaded. Dimensions: 384",
  "module": "embedder",
  "function": "__init__",
  "line": 28
}
{
  "timestamp": "2026-07-31T11:59:43.381071",
  "level": "INFO",
  "logger": "embedder",
  "message": "Loading embedding model: all-MiniLM-L6-v2",
  "module": "embedder",
  "function": "__init__",
  "line": 20
}
{
  "timestamp": "2026-07-31T11:59:43.386313",
  "level": "INFO",
  "logger": "embedder",
  "message": "Loading embedding model: all-MiniLM-L6-v2",
  "module": "embedder",
  "function": "__init__",
  "line": 20
}
{
  "timestamp": "2026-07-31T12:00:33.572278",
  "level": "INFO",
  "logger": "embedder",
  "message": "Model loaded. Dimensions: 384",
  "module": "embedder",
  "function": "__init__",
  "line": 24
}
{
  "timestamp": "2026-07-31T12:01:03.126488",
  "level": "INFO",
  "logger": "embedder",
  "message": "Model loaded. Dimensions: 384",
  "module": "embedder",
  "function": "__init__",
  "line": 24
}
{
  "timestamp": "2026-07-31T12:01:33.941453",
  "level": "INFO",
  "logger": "embedder",
  "message": "Embeddings generated",
  "module": "logger",
  "function": "log_embeddings",
  "line": 102,
  "model": "all-MiniLM-L6-v2",
  "dimensions": 384,
  "num_chunks": 148,
  "time_seconds": 2.804889678955078
}
{
  "timestamp": "2026-07-31T12:29:18.055981",
  "level": "INFO",
  "logger": "embedder",
  "message": "Loading embedding model: all-MiniLM-L6-v2",
  "module": "embedder",
  "function": "__init__",
  "line": 20
}
{
  "timestamp": "2026-07-31T12:29:18.066442",
  "level": "INFO",
  "logger": "embedder",
  "message": "Loading embedding model: all-MiniLM-L6-v2",
  "module": "embedder",
  "function": "__init__",
  "line": 20
}
{
  "timestamp": "2026-07-31T12:29:22.280507",
  "level": "INFO",
  "logger": "embedder",
  "message": "Model loaded. Dimensions: 384",
  "module": "embedder",
  "function": "__init__",
  "line": 24
}
{
  "timestamp": "2026-07-31T12:29:22.293280",
  "level": "INFO",
  "logger": "embedder",
  "message": "Model loaded. Dimensions: 384",
  "module": "embedder",
  "function": "__init__",
  "line": 24
}
{
  "timestamp": "2026-07-31T12:30:01.599265",
  "level": "INFO",
  "logger": "embedder",
  "message": "Embeddings generated",
  "module": "logger",
  "function": "log_embeddings",
  "line": 102,
  "model": "all-MiniLM-L6-v2",
  "dimensions": 384,
  "num_chunks": 148,
  "time_seconds": 10.709161043167114
}
{
  "timestamp": "2026-07-31T12:52:01.814005",
  "level": "INFO",
  "logger": "embedder",
  "message": "Loading embedding model: all-MiniLM-L6-v2",
  "module": "embedder",
  "function": "__init__",
  "line": 20
}
{
  "timestamp": "2026-07-31T12:52:05.932202",
  "level": "INFO",
  "logger": "embedder",
  "message": "Model loaded. Dimensions: 384",
  "module": "embedder",
  "function": "__init__",
  "line": 24
}
{
  "timestamp": "2026-07-31T12:54:49.134867",
  "level": "INFO",
  "logger": "embedder",
  "message": "Loading embedding model: all-MiniLM-L6-v2",
  "module": "embedder",
  "function": "__init__",
  "line": 20
}
{
  "timestamp": "2026-07-31T12:57:30.983957",
  "level": "INFO",
  "logger": "embedder",
  "message": "Model loaded. Dimensions: 384",
  "module": "embedder",
  "function": "__init__",
  "line": 24
}
{
  "timestamp": "2026-07-31T13:02:21.693537",
  "level": "INFO",
  "logger": "embedder",
  "message": "Embeddings generated",
  "module": "logger",
  "function": "log_embeddings",
  "line": 102,
  "model": "all-MiniLM-L6-v2",
  "dimensions": 384,
  "num_chunks": 148,
  "time_seconds": 12.709086418151855
}
{
  "timestamp": "2026-07-31T13:08:38.514850",
  "level": "INFO",
  "logger": "embedder",
  "message": "Loading embedding model: all-MiniLM-L6-v2",
  "module": "embedder",
  "function": "__init__",
  "line": 20
}
{
  "timestamp": "2026-07-31T13:08:42.578352",
  "level": "INFO",
  "logger": "embedder",
  "message": "Model loaded. Dimensions: 384",
  "module": "embedder",
  "function": "__init__",
  "line": 24
}
{
  "timestamp": "2026-07-31T13:09:11.020462",
  "level": "INFO",
  "logger": "embedder",
  "message": "Embeddings generated",
  "module": "logger",
  "function": "log_embeddings",
  "line": 102,
  "model": "all-MiniLM-L6-v2",
  "dimensions": 384,
  "num_chunks": 148,
  "time_seconds": 15.588426113128662
}
{
  "timestamp": "2026-07-31T13:17:42.151949",
  "level": "INFO",
  "logger": "embedder",
  "message": "Loading embedding model: all-MiniLM-L6-v2",
  "module": "embedder",
  "function": "__init__",
  "line": 20
}
{
  "timestamp": "2026-07-31T13:17:47.034071",
  "level": "INFO",
  "logger": "embedder",
  "message": "Model loaded. Dimensions: 384",
  "module": "embedder",
  "function": "__init__",
  "line": 24
}
{
  "timestamp": "2026-07-31T13:18:12.026580",
  "level": "INFO",
  "logger": "embedder",
  "message": "Loading embedding model: all-MiniLM-L6-v2",
  "module": "embedder",
  "function": "__init__",
  "line": 20
}
{
  "timestamp": "2026-07-31T13:18:15.714779",
  "level": "INFO",
  "logger": "embedder",
  "message": "Model loaded. Dimensions: 384",
  "module": "embedder",
  "function": "__init__",
  "line": 24
}
{
  "timestamp": "2026-07-31T13:18:29.382538",
  "level": "INFO",
  "logger": "embedder",
  "message": "Embeddings generated",
  "module": "logger",
  "function": "log_embeddings",
  "line": 102,
  "model": "all-MiniLM-L6-v2",
  "dimensions": 384,
  "num_chunks": 148,
  "time_seconds": 15.848517179489136
}
{
  "timestamp": "2026-07-31T13:31:22.196148",
  "level": "INFO",
  "logger": "embedder",
  "message": "Loading embedding model: all-MiniLM-L6-v2",
  "module": "embedder",
  "function": "__init__",
  "line": 20
}
{
  "timestamp": "2026-07-31T13:31:22.213106",
  "level": "INFO",
  "logger": "embedder",
  "message": "Loading embedding model: all-MiniLM-L6-v2",
  "module": "embedder",
  "function": "__init__",
  "line": 20
}
{
  "timestamp": "2026-07-31T13:31:22.228518",
  "level": "INFO",
  "logger": "embedder",
  "message": "Loading embedding model: all-MiniLM-L6-v2",
  "module": "embedder",
  "function": "__init__",
  "line": 20
}
{
  "timestamp": "2026-07-31T13:31:26.699102",
  "level": "INFO",
  "logger": "embedder",
  "message": "Model loaded. Dimensions: 384",
  "module": "embedder",
  "function": "__init__",
  "line": 24
}
{
  "timestamp": "2026-07-31T13:31:26.766906",
  "level": "INFO",
  "logger": "embedder",
  "message": "Model loaded. Dimensions: 384",
  "module": "embedder",
  "function": "__init__",
  "line": 24
}
{
  "timestamp": "2026-07-31T13:31:47.116332",
  "level": "INFO",
  "logger": "embedder",
  "message": "Embeddings generated",
  "module": "logger",
  "function": "log_embeddings",
  "line": 102,
  "model": "all-MiniLM-L6-v2",
  "dimensions": 384,
  "num_chunks": 148,
  "time_seconds": 11.094366073608398
}
{
  "timestamp": "2026-07-31T13:36:16.789910",
  "level": "INFO",
  "logger": "embedder",
  "message": "Loading embedding model: all-MiniLM-L6-v2",
  "module": "embedder",
  "function": "__init__",
  "line": 20
}
{
  "timestamp": "2026-07-31T13:36:16.798848",
  "level": "INFO",
  "logger": "embedder",
  "message": "Loading embedding model: all-MiniLM-L6-v2",
  "module": "embedder",
  "function": "__init__",
  "line": 20
}
{
  "timestamp": "2026-07-31T13:36:20.957704",
  "level": "INFO",
  "logger": "embedder",
  "message": "Model loaded. Dimensions: 384",
  "module": "embedder",
  "function": "__init__",
  "line": 24
}
{
  "timestamp": "2026-07-31T13:36:21.188445",
  "level": "INFO",
  "logger": "embedder",
  "message": "Model loaded. Dimensions: 384",
  "module": "embedder",
  "function": "__init__",
  "line": 24
}
{
  "timestamp": "2026-07-31T13:37:04.554196",
  "level": "INFO",
  "logger": "embedder",
  "message": "Embeddings generated",
  "module": "logger",
  "function": "log_embeddings",
  "line": 102,
  "model": "all-MiniLM-L6-v2",
  "dimensions": 384,
  "num_chunks": 148,
  "time_seconds": 13.586795330047607
}
{
  "timestamp": "2026-07-31T13:40:51.566041",
  "level": "INFO",
  "logger": "embedder",
  "message": "Loading embedding model: all-MiniLM-L6-v2",
  "module": "embedder",
  "function": "__init__",
  "line": 20
}
{
  "timestamp": "2026-07-31T13:40:51.566738",
  "level": "INFO",
  "logger": "embedder",
  "message": "Loading embedding model: all-MiniLM-L6-v2",
  "module": "embedder",
  "function": "__init__",
  "line": 20
}
{
  "timestamp": "2026-07-31T13:40:51.566738",
  "level": "INFO",
  "logger": "embedder",
  "message": "Loading embedding model: all-MiniLM-L6-v2",
  "module": "embedder",
  "function": "__init__",
  "line": 20
}
{
  "timestamp": "2026-07-31T13:40:51.584064",
  "level": "INFO",
  "logger": "embedder",
  "message": "Loading embedding model: all-MiniLM-L6-v2",
  "module": "embedder",
  "function": "__init__",
  "line": 20
}
{
  "timestamp": "2026-07-31T13:40:56.153842",
  "level": "INFO",
  "logger": "embedder",
  "message": "Model loaded. Dimensions: 384",
  "module": "embedder",
  "function": "__init__",
  "line": 24
}
{
  "timestamp": "2026-07-31T13:40:56.180123",
  "level": "INFO",
  "logger": "embedder",
  "message": "Model loaded. Dimensions: 384",
  "module": "embedder",
  "function": "__init__",
  "line": 24
}
{
  "timestamp": "2026-07-31T13:40:56.193016",
  "level": "INFO",
  "logger": "embedder",
  "message": "Model loaded. Dimensions: 384",
  "module": "embedder",
  "function": "__init__",
  "line": 24
}
{
  "timestamp": "2026-07-31T13:41:49.893898",
  "level": "INFO",
  "logger": "embedder",
  "message": "Embeddings generated",
  "module": "logger",
  "function": "log_embeddings",
  "line": 102,
  "model": "all-MiniLM-L6-v2",
  "dimensions": 384,
  "num_chunks": 148,
  "time_seconds": 13.704385042190552
}
