{
  "timestamp": "2026-07-30T16:35:09.737552",
  "level": "INFO",
  "logger": "prompt_builder",
  "message": "Built RAG prompt with 5 context chunks",
  "module": "prompt_builder",
  "function": "build_rag_prompt",
  "line": 56,
  "question": "hi",
  "num_context_chunks": 5,
  "context_sources": [
    "api_reference",
    "laptop_troubleshooting",
    "api_reference",
    "api_reference",
    "faq"
  ]
}
{
  "timestamp": "2026-07-30T16:43:25.582108",
  "level": "INFO",
  "logger": "prompt_builder",
  "message": "Built RAG prompt with 5 context chunks",
  "module": "prompt_builder",
  "function": "build_rag_prompt",
  "line": 56,
  "question": "hi",
  "num_context_chunks": 5,
  "context_sources": [
    "api_reference",
    "laptop_troubleshooting",
    "api_reference",
    "api_reference",
    "faq"
  ]
}
{
  "timestamp": "2026-07-30T16:44:54.928954",
  "level": "INFO",
  "logger": "prompt_builder",
  "message": "Built RAG prompt with 5 context chunks",
  "module": "prompt_builder",
  "function": "build_rag_prompt",
  "line": 56,
  "question": "hi",
  "num_context_chunks": 5,
  "context_sources": [
    "api_reference",
    "laptop_troubleshooting",
    "api_reference",
    "api_reference",
    "faq"
  ]
}
{
  "timestamp": "2026-07-30T16:49:13.130304",
  "level": "INFO",
  "logger": "prompt_builder",
  "message": "Built RAG prompt with 5 context chunks",
  "module": "prompt_builder",
  "function": "build_rag_prompt",
  "line": 56,
  "question": "hi",
  "num_context_chunks": 5,
  "context_sources": [
    "api_reference",
    "laptop_troubleshooting",
    "api_reference",
    "api_reference",
    "faq"
  ]
}
{
  "timestamp": "2026-07-30T16:53:59.776993",
  "level": "INFO",
  "logger": "prompt_builder",
  "message": "Built RAG prompt with 5 context chunks",
  "module": "prompt_builder",
  "function": "build_rag_prompt",
  "line": 56,
  "question": "hi",
  "num_context_chunks": 5,
  "context_sources": [
    "api_reference",
    "laptop_troubleshooting",
    "api_reference",
    "api_reference",
    "faq"
  ]
}
{
  "timestamp": "2026-07-30T16:57:32.686970",
  "level": "INFO",
  "logger": "prompt_builder",
  "message": "Built RAG prompt with 5 context chunks",
  "module": "prompt_builder",
  "function": "build_rag_prompt",
  "line": 56,
  "question": "hi",
  "num_context_chunks": 5,
  "context_sources": [
    "api_reference",
    "laptop_troubleshooting",
    "api_reference",
    "api_reference",
    "faq"
  ]
}
{
  "timestamp": "2026-07-30T16:58:16.015931",
  "level": "INFO",
  "logger": "prompt_builder",
  "message": "Built RAG prompt with 5 context chunks",
  "module": "prompt_builder",
  "function": "build_rag_prompt",
  "line": 56,
  "question": "hi",
  "num_context_chunks": 5,
  "context_sources": [
    "api_reference",
    "laptop_troubleshooting",
    "api_reference",
    "api_reference",
    "faq"
  ]
}
{
  "timestamp": "2026-07-30T17:02:28.895566",
  "level": "INFO",
  "logger": "prompt_builder",
  "message": "Built RAG prompt with 5 context chunks",
  "module": "prompt_builder",
  "function": "build_rag_prompt",
  "line": 56,
  "question": "\"How do I contact IT support?",
  "num_context_chunks": 5,
  "context_sources": [
    "faq",
    "faq",
    "vpn_setup",
    "laptop_troubleshooting",
    "faq"
  ]
}
{
  "timestamp": "2026-07-30T17:03:15.297644",
  "level": "INFO",
  "logger": "prompt_builder",
  "message": "Built RAG prompt with 5 context chunks",
  "module": "prompt_builder",
  "function": "build_rag_prompt",
  "line": 56,
  "question": ",",
  "num_context_chunks": 5,
  "context_sources": [
    "api_reference",
    "holidays",
    "api_reference",
    "holidays",
    "holidays"
  ]
}
{
  "timestamp": "2026-07-31T11:15:56.725367",
  "level": "INFO",
  "logger": "prompt_builder",
  "message": "Built RAG prompt with 5 context chunks",
  "module": "prompt_builder",
  "function": "build_rag_prompt",
  "line": 56,
  "question": "hi",
  "num_context_chunks": 5,
  "context_sources": [
    "api_reference",
    "laptop_troubleshooting",
    "api_reference",
    "api_reference",
    "faq"
  ]
}
{
  "timestamp": "2026-07-31T11:38:08.368192",
  "level": "INFO",
  "logger": "prompt_builder",
  "message": "Built RAG prompt with 5 context chunks",
  "module": "prompt_builder",
  "function": "build_rag_prompt",
  "line": 56,
  "question": "hi",
  "num_context_chunks": 5,
  "context_sources": [
    "api_reference",
    "laptop_troubleshooting",
    "api_reference",
    "api_reference",
    "faq"
  ]
}
{
  "timestamp": "2026-07-31T12:01:38.893456",
  "level": "INFO",
  "logger": "prompt_builder",
  "message": "Built RAG prompt with 5 context chunks",
  "module": "prompt_builder",
  "function": "build_rag_prompt",
  "line": 56,
  "question": "hi",
  "num_context_chunks": 5,
  "context_sources": [
    "faq",
    "deployment_guide",
    "deployment_guide",
    "printer_setup",
    "holidays"
  ]
}
{
  "timestamp": "2026-07-31T12:02:10.939189",
  "level": "INFO",
  "logger": "prompt_builder",
  "message": "Built RAG prompt with 5 context chunks",
  "module": "prompt_builder",
  "function": "build_rag_prompt",
  "line": 56,
  "question": "what are standard workgin hours",
  "num_context_chunks": 5,
  "context_sources": [
    "employee_handbook",
    "faq",
    "faq",
    "employee_handbook",
    "leave_policy"
  ]
}
{
  "timestamp": "2026-07-31T12:02:52.034462",
  "level": "INFO",
  "logger": "prompt_builder",
  "message": "Built RAG prompt with 5 context chunks",
  "module": "prompt_builder",
  "function": "build_rag_prompt",
  "line": 56,
  "question": "whats teh url for staging environment",
  "num_context_chunks": 5,
  "context_sources": [
    "deployment_guide",
    "deployment_guide",
    "deployment_guide",
    "deployment_guide",
    "deployment_guide"
  ]
}
{
  "timestamp": "2026-07-31T12:30:32.912400",
  "level": "INFO",
  "logger": "prompt_builder",
  "message": "Built RAG prompt with 5 context chunks",
  "module": "prompt_builder",
  "function": "build_rag_prompt",
  "line": 56,
  "question": "what is the purpose and url of production environment?",
  "num_context_chunks": 5,
  "context_sources": [
    "deployment_guide",
    "deployment_guide",
    "deployment_guide",
    "vpn_setup",
    "faq"
  ]
}
{
  "timestamp": "2026-07-31T12:30:55.227703",
  "level": "INFO",
  "logger": "prompt_builder",
  "message": "Built RAG prompt with 5 context chunks",
  "module": "prompt_builder",
  "function": "build_rag_prompt",
  "line": 56,
  "question": "How many annual leave days do employees get?",
  "num_context_chunks": 5,
  "context_sources": [
    "employee_handbook",
    "leave_policy",
    "faq",
    "leave_policy",
    "employee_handbook"
  ]
}
{
  "timestamp": "2026-07-31T12:30:55.984355",
  "level": "INFO",
  "logger": "prompt_builder",
  "message": "Built RAG prompt with 5 context chunks",
  "module": "prompt_builder",
  "function": "build_rag_prompt",
  "line": 56,
  "question": "What is the VPN setup process?",
  "num_context_chunks": 5,
  "context_sources": [
    "vpn_setup",
    "vpn_setup",
    "vpn_setup",
    "vpn_setup",
    "deployment_guide"
  ]
}
{
  "timestamp": "2026-07-31T12:30:57.587816",
  "level": "INFO",
  "logger": "prompt_builder",
  "message": "Built RAG prompt with 5 context chunks",
  "module": "prompt_builder",
  "function": "build_rag_prompt",
  "line": 56,
  "question": "How do I request time off?",
  "num_context_chunks": 5,
  "context_sources": [
    "faq",
    "leave_policy",
    "leave_policy",
    "employee_handbook",
    "employee_handbook"
  ]
}
{
  "timestamp": "2026-07-31T12:30:58.301222",
  "level": "INFO",
  "logger": "prompt_builder",
  "message": "Built RAG prompt with 5 context chunks",
  "module": "prompt_builder",
  "function": "build_rag_prompt",
  "line": 56,
  "question": "What are the company's core values?",
  "num_context_chunks": 5,
  "context_sources": [
    "faq",
    "vpn_setup",
    "faq",
    "employee_handbook",
    "deployment_guide"
  ]
}
{
  "timestamp": "2026-07-31T12:30:58.810790",
  "level": "INFO",
  "logger": "prompt_builder",
  "message": "Built RAG prompt with 5 context chunks",
  "module": "prompt_builder",
  "function": "build_rag_prompt",
  "line": 56,
  "question": "How do I deploy to production?",
  "num_context_chunks": 5,
  "context_sources": [
    "deployment_guide",
    "deployment_guide",
    "deployment_guide",
    "deployment_guide",
    "deployment_guide"
  ]
}
{
  "timestamp": "2026-07-31T12:30:59.997036",
  "level": "INFO",
  "logger": "prompt_builder",
  "message": "Built RAG prompt with 5 context chunks",
  "module": "prompt_builder",
  "function": "build_rag_prompt",
  "line": 56,
  "question": "What is the printer IP address?",
  "num_context_chunks": 5,
  "context_sources": [
    "printer_setup",
    "printer_setup",
    "printer_setup",
    "printer_setup",
    "printer_setup"
  ]
}
{
  "timestamp": "2026-07-31T12:40:05.246432",
  "level": "INFO",
  "logger": "prompt_builder",
  "message": "Built RAG prompt with 5 context chunks",
  "module": "prompt_builder",
  "function": "build_rag_prompt",
  "line": 56,
  "question": "How many annual leave days do employees get?",
  "num_context_chunks": 5,
  "context_sources": [
    "employee_handbook",
    "leave_policy",
    "faq",
    "leave_policy",
    "employee_handbook"
  ]
}
{
  "timestamp": "2026-07-31T12:40:06.134468",
  "level": "INFO",
  "logger": "prompt_builder",
  "message": "Built RAG prompt with 5 context chunks",
  "module": "prompt_builder",
  "function": "build_rag_prompt",
  "line": 56,
  "question": "What is the VPN setup process?",
  "num_context_chunks": 5,
  "context_sources": [
    "vpn_setup",
    "vpn_setup",
    "vpn_setup",
    "vpn_setup",
    "deployment_guide"
  ]
}
{
  "timestamp": "2026-07-31T12:40:07.390691",
  "level": "INFO",
  "logger": "prompt_builder",
  "message": "Built RAG prompt with 5 context chunks",
  "module": "prompt_builder",
  "function": "build_rag_prompt",
  "line": 56,
  "question": "How do I request time off?",
  "num_context_chunks": 5,
  "context_sources": [
    "faq",
    "leave_policy",
    "leave_policy",
    "employee_handbook",
    "employee_handbook"
  ]
}
{
  "timestamp": "2026-07-31T12:40:08.029409",
  "level": "INFO",
  "logger": "prompt_builder",
  "message": "Built RAG prompt with 5 context chunks",
  "module": "prompt_builder",
  "function": "build_rag_prompt",
  "line": 56,
  "question": "What are the company's core values?",
  "num_context_chunks": 5,
  "context_sources": [
    "faq",
    "vpn_setup",
    "faq",
    "employee_handbook",
    "deployment_guide"
  ]
}
{
  "timestamp": "2026-07-31T12:40:08.427550",
  "level": "INFO",
  "logger": "prompt_builder",
  "message": "Built RAG prompt with 5 context chunks",
  "module": "prompt_builder",
  "function": "build_rag_prompt",
  "line": 56,
  "question": "How do I deploy to production?",
  "num_context_chunks": 5,
  "context_sources": [
    "deployment_guide",
    "deployment_guide",
    "deployment_guide",
    "deployment_guide",
    "deployment_guide"
  ]
}
{
  "timestamp": "2026-07-31T12:40:09.620343",
  "level": "INFO",
  "logger": "prompt_builder",
  "message": "Built RAG prompt with 5 context chunks",
  "module": "prompt_builder",
  "function": "build_rag_prompt",
  "line": 56,
  "question": "What is the printer IP address?",
  "num_context_chunks": 5,
  "context_sources": [
    "printer_setup",
    "printer_setup",
    "printer_setup",
    "printer_setup",
    "printer_setup"
  ]
}
{
  "timestamp": "2026-07-31T13:02:31.045292",
  "level": "INFO",
  "logger": "prompt_builder",
  "message": "Built RAG prompt with 5 context chunks",
  "module": "prompt_builder",
  "function": "build_rag_prompt",
  "line": 56,
  "question": "whats production environtment",
  "num_context_chunks": 5,
  "context_sources": [
    "deployment_guide",
    "deployment_guide",
    "deployment_guide",
    "deployment_guide",
    "deployment_guide"
  ]
}
{
  "timestamp": "2026-07-31T13:09:38.660682",
  "level": "INFO",
  "logger": "prompt_builder",
  "message": "Built RAG prompt with 5 context chunks",
  "module": "prompt_builder",
  "function": "build_rag_prompt",
  "line": 56,
  "question": "whats production environment",
  "num_context_chunks": 5,
  "context_sources": [
    "deployment_guide",
    "deployment_guide",
    "deployment_guide",
    "deployment_guide",
    "deployment_guide"
  ]
}
{
  "timestamp": "2026-07-31T13:20:00.562462",
  "level": "INFO",
  "logger": "prompt_builder",
  "message": "Built RAG prompt with 5 context chunks",
  "module": "prompt_builder",
  "function": "build_rag_prompt",
  "line": 56,
  "question": "whats production environment",
  "num_context_chunks": 5,
  "context_sources": [
    "deployment_guide",
    "deployment_guide",
    "deployment_guide",
    "deployment_guide",
    "deployment_guide"
  ]
}
{
  "timestamp": "2026-07-31T13:32:00.747502",
  "level": "INFO",
  "logger": "prompt_builder",
  "message": "Built RAG prompt with 5 context chunks",
  "module": "prompt_builder",
  "function": "build_rag_prompt",
  "line": 56,
  "question": "whats production enviromment",
  "num_context_chunks": 5,
  "context_sources": [
    "deployment_guide",
    "deployment_guide",
    "deployment_guide",
    "deployment_guide",
    "deployment_guide"
  ]
}
{
  "timestamp": "2026-07-31T13:37:14.152998",
  "level": "INFO",
  "logger": "prompt_builder",
  "message": "Built RAG prompt with 5 context chunks",
  "module": "prompt_builder",
  "function": "build_rag_prompt",
  "line": 56,
  "question": "whats production enviromnet",
  "num_context_chunks": 5,
  "context_sources": [
    "deployment_guide",
    "deployment_guide",
    "deployment_guide",
    "deployment_guide",
    "deployment_guide"
  ]
}
{
  "timestamp": "2026-07-31T13:42:09.877127",
  "level": "INFO",
  "logger": "prompt_builder",
  "message": "Built RAG prompt with 5 context chunks",
  "module": "prompt_builder",
  "function": "build_rag_prompt",
  "line": 56,
  "question": "whats is production environment",
  "num_context_chunks": 5,
  "context_sources": [
    "deployment_guide",
    "deployment_guide",
    "deployment_guide",
    "deployment_guide",
    "deployment_guide"
  ]
}
