{
  "timestamp": "2026-07-30T15:11:11.266364",
  "level": "INFO",
  "logger": "qdrant_manager",
  "message": "Qdrant client initialized at :memory:",
  "module": "qdrant_client",
  "function": "__init__",
  "line": 21
}
{
  "timestamp": "2026-07-30T15:11:11.268002",
  "level": "INFO",
  "logger": "qdrant_manager",
  "message": "Collection enterprise_docs created with vector size 384",
  "module": "qdrant_client",
  "function": "create_collection",
  "line": 42
}
{
  "timestamp": "2026-07-30T15:11:11.332086",
  "level": "INFO",
  "logger": "qdrant_manager",
  "message": "Vectors stored",
  "module": "logger",
  "function": "log_vector_storage",
  "line": 115,
  "collection": "enterprise_docs",
  "num_vectors": 148
}
{
  "timestamp": "2026-07-30T15:11:15.085157",
  "level": "INFO",
  "logger": "qdrant_manager",
  "message": "Qdrant client initialized at :memory:",
  "module": "qdrant_client",
  "function": "__init__",
  "line": 21
}
{
  "timestamp": "2026-07-30T15:43:48.031210",
  "level": "INFO",
  "logger": "qdrant_manager",
  "message": "Qdrant client initialized at :memory:",
  "module": "qdrant_client",
  "function": "__init__",
  "line": 21
}
{
  "timestamp": "2026-07-30T15:43:48.245718",
  "level": "ERROR",
  "logger": "qdrant_manager",
  "message": "Error getting collection info: Collection enterprise_docs not found",
  "module": "qdrant_client",
  "function": "get_collection_info",
  "line": 123
}
{
  "timestamp": "2026-07-30T15:47:21.590035",
  "level": "INFO",
  "logger": "qdrant_manager",
  "message": "Qdrant client initialized at :memory:",
  "module": "qdrant_client",
  "function": "__init__",
  "line": 21
}
{
  "timestamp": "2026-07-30T15:47:21.756102",
  "level": "ERROR",
  "logger": "qdrant_manager",
  "message": "Error getting collection info: Collection enterprise_docs not found",
  "module": "qdrant_client",
  "function": "get_collection_info",
  "line": 123
}
